2026-04-28T10:45:51.005+09:00  INFO 8068 --- [krproject01] [restartedMain] c.k.k.Krproject01ApplicationKt           : Starting Krproject01ApplicationKt using Java 21.0.10 with PID 8068 (E:\Dev\krproject01\backend\build\classes\kotlin\main started by 도우서 연구원 in E:\Dev\krproject01\backend)
2026-04-28T10:45:51.006+09:00  INFO 8068 --- [krproject01] [restartedMain] c.k.k.Krproject01ApplicationKt           : No active profile set, falling back to 1 default profile: "default"
2026-04-28T10:45:51.038+09:00  INFO 8068 --- [krproject01] [restartedMain] .e.DevToolsPropertyDefaultsPostProcessor : Devtools property defaults active! Set 'spring.devtools.add-properties' to 'false' to disable
2026-04-28T10:45:51.038+09:00  INFO 8068 --- [krproject01] [restartedMain] .e.DevToolsPropertyDefaultsPostProcessor : For additional web related logging consider setting the 'logging.level.web' property to 'DEBUG'
2026-04-28T10:45:51.547+09:00  INFO 8068 --- [krproject01] [restartedMain] .s.d.r.c.RepositoryConfigurationDelegate : Bootstrapping Spring Data JPA repositories in DEFAULT mode.
2026-04-28T10:45:51.577+09:00  INFO 8068 --- [krproject01] [restartedMain] .s.d.r.c.RepositoryConfigurationDelegate : Finished Spring Data repository scanning in 24 ms. Found 2 JPA repository interfaces.
2026-04-28T10:45:51.877+09:00  INFO 8068 --- [krproject01] [restartedMain] o.s.boot.tomcat.TomcatWebServer          : Tomcat initialized with port 8080 (http)
2026-04-28T10:45:51.892+09:00  INFO 8068 --- [krproject01] [restartedMain] o.apache.catalina.core.StandardService   : Starting service [Tomcat]
2026-04-28T10:45:51.892+09:00  INFO 8068 --- [krproject01] [restartedMain] o.apache.catalina.core.StandardEngine    : Starting Servlet engine: [Apache Tomcat/11.0.21]
2026-04-28T10:45:51.913+09:00  INFO 8068 --- [krproject01] [restartedMain] b.w.c.s.WebApplicationContextInitializer : Root WebApplicationContext: initialization completed in 874 ms
2026-04-28T10:45:51.999+09:00  INFO 8068 --- [krproject01] [restartedMain] org.hibernate.orm.jpa                    : HHH008540: Processing PersistenceUnitInfo [name: default]
2026-04-28T10:45:52.024+09:00  INFO 8068 --- [krproject01] [restartedMain] org.hibernate.orm.core                   : HHH000001: Hibernate ORM core version 7.2.12.Final
2026-04-28T10:45:52.236+09:00  INFO 8068 --- [krproject01] [restartedMain] o.s.o.j.p.SpringPersistenceUnitInfo      : No LoadTimeWeaver setup: ignoring JPA class transformer
2026-04-28T10:45:52.251+09:00  INFO 8068 --- [krproject01] [restartedMain] com.zaxxer.hikari.HikariDataSource       : HikariPool-1 - Starting...
2026-04-28T10:45:52.415+09:00  INFO 8068 --- [krproject01] [restartedMain] com.zaxxer.hikari.pool.HikariPool        : HikariPool-1 - Added connection com.mysql.cj.jdbc.ConnectionImpl@74ca63ac
2026-04-28T10:45:52.422+09:00  INFO 8068 --- [krproject01] [restartedMain] com.zaxxer.hikari.HikariDataSource       : HikariPool-1 - Start completed.
2026-04-28T10:45:52.470+09:00  INFO 8068 --- [krproject01] [restartedMain] org.hibernate.orm.connections.pooling    : HHH10001005: Database info:
	Database JDBC URL [jdbc:mysql://localhost:3306/rk_project1_db]
	Database driver: MySQL Connector/J
	Database dialect: MySQLDialect
	Database version: 8.4
	Default catalog/schema: rk_project1_db/undefined
	Autocommit mode: undefined/unknown
	Isolation level: REPEATABLE_READ [default REPEATABLE_READ]
	JDBC fetch size: none
	Pool: DataSourceConnectionProvider
	Minimum pool size: undefined/unknown
	Maximum pool size: undefined/unknown
2026-04-28T10:45:52.901+09:00  INFO 8068 --- [krproject01] [restartedMain] org.hibernate.orm.core                   : HHH000489: No JTA platform available (set 'hibernate.transaction.jta.platform' to enable JTA platform integration)
2026-04-28T10:45:53.227+09:00  INFO 8068 --- [krproject01] [restartedMain] j.LocalContainerEntityManagerFactoryBean : Initialized JPA EntityManagerFactory for persistence unit 'default'
2026-04-28T10:45:53.268+09:00  INFO 8068 --- [krproject01] [restartedMain] o.s.d.j.r.query.QueryEnhancerFactories   : Hibernate is in classpath; If applicable, HQL parser will be used.
2026-04-28T10:45:53.345+09:00  WARN 8068 --- [krproject01] [restartedMain] JpaBaseConfiguration$JpaWebConfiguration : spring.jpa.open-in-view is enabled by default. Therefore, database queries may be performed during view rendering. Explicitly configure spring.jpa.open-in-view to disable this warning
2026-04-28T10:45:53.383+09:00  WARN 8068 --- [krproject01] [restartedMain] .s.a.UserDetailsServiceAutoConfiguration : 

Using generated security password: 7c08b881-dc28-4cb1-970a-7f217ee49fbe

This generated password is for development use only. Your security configuration must be updated before running your application in production.

2026-04-28T10:45:53.386+09:00  INFO 8068 --- [krproject01] [restartedMain] r$InitializeUserDetailsManagerConfigurer : Global AuthenticationManager configured with UserDetailsService bean with name inMemoryUserDetailsManager
2026-04-28T10:45:53.605+09:00  INFO 8068 --- [krproject01] [restartedMain] o.s.boot.tomcat.TomcatWebServer          : Tomcat started on port 8080 (http) with context path '/'
2026-04-28T10:45:53.608+09:00  INFO 8068 --- [krproject01] [restartedMain] c.k.k.Krproject01ApplicationKt           : Started Krproject01ApplicationKt in 2.857 seconds (process running for 3.508)
